// Jest Snapshot v1, https://goo.gl/fbAQLP

exports[`renders without crashing 1`] = `
<DocumentFragment>
  <div
    class="root"
  >
    <section
      class="app_body"
    >
      <main
        class="app_inner "
      >
        <div
          class="wrapper"
        >
          <div
            class="css-1bsbzi3"
          >
            <div
              aria-valuemax="100"
              aria-valuemin="0"
              class="chakra-progress css-120wkjd"
              data-indeterminate=""
              role="progressbar"
            >
              <svg
                class="css-jf70f3"
                viewBox="0 0 100 100"
              >
                <circle
                  class="chakra-progress__track css-1bhxzgy"
                  cx="50"
                  cy="50"
                  r="42"
                  stroke-width="10px"
                />
                <circle
                  class="chakra-progress__indicator css-p6i8i8"
                  cx="50"
                  cy="50"
                  r="42"
                  stroke-width="10px"
                />
              </svg>
            </div>
          </div>
        </div>
      </main>
    </section>
  </div>
</DocumentFragment>
`;
